[info]: [17:50:30]发现文件变动，开始执行渲染...
[info]: Start build...
[info]: Create /Git/Seeruo/framework/tests/Public/articles/data.json done!
[info]: Create /Git/Seeruo/framework/tests/Public/index.html done!
[info]: Create /Git/Seeruo/framework/tests/Public/articles/2018/08/07/hello-world/index.html done!
[info]: Create /Git/Seeruo/framework/tests/Public/about/index.html done!
[info]: Create /Git/Seeruo/framework/tests/Public/linker/index.html done!
[info]: Create /Git/Seeruo/framework/tests/Public/archives/2018/index.html done!
[info]: Create /Git/Seeruo/framework/tests/Public/archives/2018/08/index.html done!
[info]: Create /Git/Seeruo/framework/tests/Public/archives/2018/08/07/index.html done!
[info]: Create /Git/Seeruo/framework/tests/Public/archives/index.html done!
[info]: Create /Git/Seeruo/framework/tests/Public/category/ceshi/index.html done!
[info]: Create /Git/Seeruo/framework/tests/Public/category/ceshi/nihao/index.html done!
[info]: Create /Git/Seeruo/framework/tests/Public/category/ceshi/nihao/shijie/index.html done!
[info]: Create /Git/Seeruo/framework/tests/Public/category/index.html done!
[info]: Complete build!
[info]: [17:50:30]文件渲染已经完成!
[info]: [17:50:30]文件监测程序运行中...
